src/index.ts(32,60): error TS2556: A spread argument must either have a tuple type or be passed to a rest parameter.
src/index.ts(34,58): error TS2556: A spread argument must either have a tuple type or be passed to a rest parameter.
